// Jest Snapshot v1, https://goo.gl/fbAQLP

exports[`42 composites 1`] = `
Array [
  4,
  6,
  8,
  9,
  10,
  12,
  14,
  15,
  16,
  18,
  20,
  21,
  22,
  24,
  25,
  26,
  27,
  28,
  30,
  32,
  33,
  34,
  35,
  36,
  38,
  39,
  40,
  42,
  44,
  45,
  46,
  48,
  49,
  50,
  51,
  52,
  54,
  55,
  56,
  57,
  58,
  60,
]
`;
